2025-10-24 07:49:50 - controle_patrimonial - INFO - [logger.py:67] - === SISTEMA INICIADO ===
2025-10-24 07:49:50 - controle_patrimonial - INFO - [logger.py:68] - Arquivo de log principal: D:\Projetos\controle_estoque_db\logs\app.log
2025-10-24 07:49:50 - controle_patrimonial - INFO - [logger.py:69] - Arquivo de erros: D:\Projetos\controle_estoque_db\logs\errors.log
2025-10-24 07:49:50 - controle_patrimonial - INFO - [logger.py:70] - Diretório de trabalho: D:\Projetos\controle_estoque_db
2025-10-24 07:49:51 - controle_patrimonial - INFO - [app.py:115] - Modo produção: Segurança configurada para servidor
2025-10-24 07:49:51 - controle_patrimonial - INFO - [app.py:528] - Tabela usuarios já existe
2025-10-24 07:49:51 - controle_patrimonial - INFO - [app.py:2030] - Iniciando aplicação Flask
2025-10-24 07:49:51 - controle_patrimonial - INFO - [app.py:2050] - 🔧 Iniciando em modo DESENVOLVIMENTO
2025-10-24 07:49:51 - controle_patrimonial - INFO - [app.py:2052] - 🌐 Servidor iniciado em http://0.0.0.0:5000
2025-10-24 07:49:51 - controle_patrimonial - INFO - [app.py:2053] - 📁 Caminho do banco: D:\Projetos\controle_estoque_db\relatorios\controle_patrimonial.db
2025-10-24 07:49:51 - controle_patrimonial - INFO - [app.py:2054] - 📁 Pasta de upload: D:\Projetos\controle_estoque_db\temp
2025-10-24 07:49:51 - controle_patrimonial - INFO - [app.py:2055] - 📱 Acesse via: http://localhost:5000 ou http://SEU-IP:5000
2025-10-24 07:49:51 - controle_patrimonial - INFO - [logger.py:67] - === SISTEMA INICIADO ===
2025-10-24 07:49:51 - controle_patrimonial - INFO - [logger.py:68] - Arquivo de log principal: D:\Projetos\controle_estoque_db\logs\app.log
2025-10-24 07:49:51 - controle_patrimonial - INFO - [logger.py:69] - Arquivo de erros: D:\Projetos\controle_estoque_db\logs\errors.log
2025-10-24 07:49:51 - controle_patrimonial - INFO - [logger.py:70] - Diretório de trabalho: D:\Projetos\controle_estoque_db
2025-10-24 07:49:52 - controle_patrimonial - INFO - [app.py:115] - Modo produção: Segurança configurada para servidor
2025-10-24 07:49:52 - controle_patrimonial - INFO - [app.py:528] - Tabela usuarios já existe
2025-10-24 07:49:52 - controle_patrimonial - INFO - [app.py:2030] - Iniciando aplicação Flask
2025-10-24 07:49:52 - controle_patrimonial - INFO - [app.py:2050] - 🔧 Iniciando em modo DESENVOLVIMENTO
2025-10-24 07:49:52 - controle_patrimonial - INFO - [app.py:2052] - 🌐 Servidor iniciado em http://0.0.0.0:5000
2025-10-24 07:49:52 - controle_patrimonial - INFO - [app.py:2053] - 📁 Caminho do banco: D:\Projetos\controle_estoque_db\relatorios\controle_patrimonial.db
2025-10-24 07:49:52 - controle_patrimonial - INFO - [app.py:2054] - 📁 Pasta de upload: D:\Projetos\controle_estoque_db\temp
2025-10-24 07:49:52 - controle_patrimonial - INFO - [app.py:2055] - 📱 Acesse via: http://localhost:5000 ou http://SEU-IP:5000
2025-10-24 07:50:10 - controle_patrimonial - INFO - [db_handler.py:108] - Localização do bem 001: sala ctic
2025-10-24 07:50:10 - controle_patrimonial - INFO - [db_handler.py:56] - Verificação do bem 001: Encontrado
2025-10-24 07:50:10 - controle_patrimonial - INFO - [db_handler.py:91] - ✅ Bem 001 marcado como localizado em 'sala ctic'!
2025-10-24 11:43:33 - controle_patrimonial - INFO - [logger.py:67] - === SISTEMA INICIADO ===
2025-10-24 11:43:33 - controle_patrimonial - INFO - [logger.py:68] - Arquivo de log principal: D:\Projetos\controle_estoque_db\logs\app.log
2025-10-24 11:43:33 - controle_patrimonial - INFO - [logger.py:69] - Arquivo de erros: D:\Projetos\controle_estoque_db\logs\errors.log
2025-10-24 11:43:33 - controle_patrimonial - INFO - [logger.py:70] - Diretório de trabalho: D:\Projetos\controle_estoque_db
2025-10-24 11:43:38 - controle_patrimonial - INFO - [app.py:111] - Modo produção: Segurança configurada para servidor
2025-10-24 11:43:38 - controle_patrimonial - INFO - [app.py:509] - Tabela usuarios já existe
2025-10-24 11:43:38 - controle_patrimonial - INFO - [app.py:1258] - Iniciando aplicação Flask
2025-10-24 11:43:38 - controle_patrimonial - INFO - [app.py:1273] - 🔧 Iniciando em modo DESENVOLVIMENTO
2025-10-24 11:43:38 - controle_patrimonial - INFO - [app.py:1275] - 🌐 Servidor iniciado em http://0.0.0.0:5000
2025-10-24 11:43:38 - controle_patrimonial - INFO - [app.py:1276] - 📁 Caminho do banco: D:\Projetos\controle_estoque_db\relatorios\controle_patrimonial.db
2025-10-24 11:43:39 - controle_patrimonial - INFO - [logger.py:67] - === SISTEMA INICIADO ===
2025-10-24 11:43:39 - controle_patrimonial - INFO - [logger.py:68] - Arquivo de log principal: D:\Projetos\controle_estoque_db\logs\app.log
2025-10-24 11:43:39 - controle_patrimonial - INFO - [logger.py:69] - Arquivo de erros: D:\Projetos\controle_estoque_db\logs\errors.log
2025-10-24 11:43:39 - controle_patrimonial - INFO - [logger.py:70] - Diretório de trabalho: D:\Projetos\controle_estoque_db
2025-10-24 11:43:39 - controle_patrimonial - INFO - [app.py:111] - Modo produção: Segurança configurada para servidor
2025-10-24 11:43:39 - controle_patrimonial - INFO - [app.py:509] - Tabela usuarios já existe
2025-10-24 11:43:39 - controle_patrimonial - INFO - [app.py:1258] - Iniciando aplicação Flask
2025-10-24 11:43:39 - controle_patrimonial - INFO - [app.py:1273] - 🔧 Iniciando em modo DESENVOLVIMENTO
2025-10-24 11:43:39 - controle_patrimonial - INFO - [app.py:1275] - 🌐 Servidor iniciado em http://0.0.0.0:5000
2025-10-24 11:43:39 - controle_patrimonial - INFO - [app.py:1276] - 📁 Caminho do banco: D:\Projetos\controle_estoque_db\relatorios\controle_patrimonial.db
2025-10-24 11:45:05 - controle_patrimonial - INFO - [logger.py:67] - === SISTEMA INICIADO ===
2025-10-24 11:45:05 - controle_patrimonial - INFO - [logger.py:68] - Arquivo de log principal: D:\Projetos\controle_estoque_db\logs\app.log
2025-10-24 11:45:05 - controle_patrimonial - INFO - [logger.py:69] - Arquivo de erros: D:\Projetos\controle_estoque_db\logs\errors.log
2025-10-24 11:45:05 - controle_patrimonial - INFO - [logger.py:70] - Diretório de trabalho: D:\Projetos\controle_estoque_db
2025-10-24 11:45:06 - controle_patrimonial - INFO - [app.py:111] - Modo produção: Segurança configurada para servidor
2025-10-24 11:45:06 - controle_patrimonial - INFO - [app.py:509] - Tabela usuarios já existe
2025-10-24 11:45:06 - controle_patrimonial - INFO - [app.py:1258] - Iniciando aplicação Flask
2025-10-24 11:45:06 - controle_patrimonial - INFO - [app.py:1273] - 🔧 Iniciando em modo DESENVOLVIMENTO
2025-10-24 11:45:06 - controle_patrimonial - INFO - [app.py:1275] - 🌐 Servidor iniciado em http://0.0.0.0:5000
2025-10-24 11:45:06 - controle_patrimonial - INFO - [app.py:1276] - 📁 Caminho do banco: D:\Projetos\controle_estoque_db\relatorios\controle_patrimonial.db
2025-10-24 11:45:06 - controle_patrimonial - INFO - [logger.py:67] - === SISTEMA INICIADO ===
2025-10-24 11:45:06 - controle_patrimonial - INFO - [logger.py:68] - Arquivo de log principal: D:\Projetos\controle_estoque_db\logs\app.log
2025-10-24 11:45:06 - controle_patrimonial - INFO - [logger.py:69] - Arquivo de erros: D:\Projetos\controle_estoque_db\logs\errors.log
2025-10-24 11:45:06 - controle_patrimonial - INFO - [logger.py:70] - Diretório de trabalho: D:\Projetos\controle_estoque_db
2025-10-24 11:45:06 - controle_patrimonial - INFO - [app.py:111] - Modo produção: Segurança configurada para servidor
2025-10-24 11:45:06 - controle_patrimonial - INFO - [app.py:509] - Tabela usuarios já existe
2025-10-24 11:45:06 - controle_patrimonial - INFO - [app.py:1258] - Iniciando aplicação Flask
2025-10-24 11:45:06 - controle_patrimonial - INFO - [app.py:1273] - 🔧 Iniciando em modo DESENVOLVIMENTO
2025-10-24 11:45:06 - controle_patrimonial - INFO - [app.py:1275] - 🌐 Servidor iniciado em http://0.0.0.0:5000
2025-10-24 11:45:06 - controle_patrimonial - INFO - [app.py:1276] - 📁 Caminho do banco: D:\Projetos\controle_estoque_db\relatorios\controle_patrimonial.db
2025-10-24 11:47:15 - controle_patrimonial - INFO - [logger.py:67] - === SISTEMA INICIADO ===
2025-10-24 11:47:15 - controle_patrimonial - INFO - [logger.py:68] - Arquivo de log principal: D:\Projetos\controle_estoque_db\logs\app.log
2025-10-24 11:47:15 - controle_patrimonial - INFO - [logger.py:69] - Arquivo de erros: D:\Projetos\controle_estoque_db\logs\errors.log
2025-10-24 11:47:15 - controle_patrimonial - INFO - [logger.py:70] - Diretório de trabalho: D:\Projetos\controle_estoque_db
2025-10-24 11:47:16 - controle_patrimonial - INFO - [app.py:111] - Modo produção: Segurança configurada para servidor
2025-10-24 11:47:16 - controle_patrimonial - INFO - [app.py:509] - Tabela usuarios já existe
2025-10-24 11:47:16 - controle_patrimonial - INFO - [app.py:1268] - Iniciando aplicação Flask
2025-10-24 11:47:16 - controle_patrimonial - INFO - [app.py:1283] - 🔧 Iniciando em modo DESENVOLVIMENTO
2025-10-24 11:47:16 - controle_patrimonial - INFO - [app.py:1285] - 🌐 Servidor iniciado em http://0.0.0.0:5000
2025-10-24 11:47:16 - controle_patrimonial - INFO - [app.py:1286] - 📁 Caminho do banco: D:\Projetos\controle_estoque_db\relatorios\controle_patrimonial.db
2025-10-24 11:47:41 - controle_patrimonial - INFO - [logger.py:67] - === SISTEMA INICIADO ===
2025-10-24 11:47:41 - controle_patrimonial - INFO - [logger.py:68] - Arquivo de log principal: D:\Projetos\controle_estoque_db\logs\app.log
2025-10-24 11:47:41 - controle_patrimonial - INFO - [logger.py:69] - Arquivo de erros: D:\Projetos\controle_estoque_db\logs\errors.log
2025-10-24 11:47:41 - controle_patrimonial - INFO - [logger.py:70] - Diretório de trabalho: D:\Projetos\controle_estoque_db
2025-10-24 11:47:41 - controle_patrimonial - INFO - [app.py:111] - Modo produção: Segurança configurada para servidor
2025-10-24 11:47:41 - controle_patrimonial - INFO - [app.py:509] - Tabela usuarios já existe
2025-10-24 11:47:41 - controle_patrimonial - INFO - [app.py:1356] - Iniciando aplicação Flask
2025-10-24 11:47:41 - controle_patrimonial - INFO - [app.py:1371] - 🔧 Iniciando em modo DESENVOLVIMENTO
2025-10-24 11:47:41 - controle_patrimonial - INFO - [app.py:1373] - 🌐 Servidor iniciado em http://0.0.0.0:5000
2025-10-24 11:47:41 - controle_patrimonial - INFO - [app.py:1374] - 📁 Caminho do banco: D:\Projetos\controle_estoque_db\relatorios\controle_patrimonial.db
2025-10-24 11:47:50 - controle_patrimonial - INFO - [logger.py:67] - === SISTEMA INICIADO ===
2025-10-24 11:47:50 - controle_patrimonial - INFO - [logger.py:68] - Arquivo de log principal: D:\Projetos\controle_estoque_db\logs\app.log
2025-10-24 11:47:50 - controle_patrimonial - INFO - [logger.py:69] - Arquivo de erros: D:\Projetos\controle_estoque_db\logs\errors.log
2025-10-24 11:47:50 - controle_patrimonial - INFO - [logger.py:70] - Diretório de trabalho: D:\Projetos\controle_estoque_db
2025-10-24 11:47:51 - controle_patrimonial - INFO - [app.py:111] - Modo produção: Segurança configurada para servidor
2025-10-24 11:47:51 - controle_patrimonial - INFO - [app.py:509] - Tabela usuarios já existe
2025-10-24 11:47:51 - controle_patrimonial - INFO - [app.py:1359] - Iniciando aplicação Flask
2025-10-24 11:47:51 - controle_patrimonial - INFO - [app.py:1374] - 🔧 Iniciando em modo DESENVOLVIMENTO
2025-10-24 11:47:51 - controle_patrimonial - INFO - [app.py:1376] - 🌐 Servidor iniciado em http://0.0.0.0:5000
2025-10-24 11:47:51 - controle_patrimonial - INFO - [app.py:1377] - 📁 Caminho do banco: D:\Projetos\controle_estoque_db\relatorios\controle_patrimonial.db
2025-10-24 11:48:04 - controle_patrimonial - INFO - [logger.py:67] - === SISTEMA INICIADO ===
2025-10-24 11:48:04 - controle_patrimonial - INFO - [logger.py:68] - Arquivo de log principal: D:\Projetos\controle_estoque_db\logs\app.log
2025-10-24 11:48:04 - controle_patrimonial - INFO - [logger.py:69] - Arquivo de erros: D:\Projetos\controle_estoque_db\logs\errors.log
2025-10-24 11:48:04 - controle_patrimonial - INFO - [logger.py:70] - Diretório de trabalho: D:\Projetos\controle_estoque_db
2025-10-24 11:48:04 - controle_patrimonial - INFO - [app.py:111] - Modo produção: Segurança configurada para servidor
2025-10-24 11:48:04 - controle_patrimonial - INFO - [app.py:509] - Tabela usuarios já existe
2025-10-24 11:48:04 - controle_patrimonial - INFO - [app.py:1359] - Iniciando aplicação Flask
2025-10-24 11:48:04 - controle_patrimonial - INFO - [app.py:1374] - 🔧 Iniciando em modo DESENVOLVIMENTO
2025-10-24 11:48:04 - controle_patrimonial - INFO - [app.py:1376] - 🌐 Servidor iniciado em http://0.0.0.0:5000
2025-10-24 11:48:04 - controle_patrimonial - INFO - [app.py:1377] - 📁 Caminho do banco: D:\Projetos\controle_estoque_db\relatorios\controle_patrimonial.db
2025-10-24 11:48:05 - controle_patrimonial - INFO - [logger.py:67] - === SISTEMA INICIADO ===
2025-10-24 11:48:05 - controle_patrimonial - INFO - [logger.py:68] - Arquivo de log principal: D:\Projetos\controle_estoque_db\logs\app.log
2025-10-24 11:48:05 - controle_patrimonial - INFO - [logger.py:69] - Arquivo de erros: D:\Projetos\controle_estoque_db\logs\errors.log
2025-10-24 11:48:05 - controle_patrimonial - INFO - [logger.py:70] - Diretório de trabalho: D:\Projetos\controle_estoque_db
2025-10-24 11:48:05 - controle_patrimonial - INFO - [app.py:111] - Modo produção: Segurança configurada para servidor
2025-10-24 11:48:05 - controle_patrimonial - INFO - [app.py:509] - Tabela usuarios já existe
2025-10-24 11:48:05 - controle_patrimonial - INFO - [app.py:1359] - Iniciando aplicação Flask
2025-10-24 11:48:05 - controle_patrimonial - INFO - [app.py:1374] - 🔧 Iniciando em modo DESENVOLVIMENTO
2025-10-24 11:48:05 - controle_patrimonial - INFO - [app.py:1376] - 🌐 Servidor iniciado em http://0.0.0.0:5000
2025-10-24 11:48:05 - controle_patrimonial - INFO - [app.py:1377] - 📁 Caminho do banco: D:\Projetos\controle_estoque_db\relatorios\controle_patrimonial.db
2025-10-24 11:58:16 - controle_patrimonial - INFO - [logger.py:67] - === SISTEMA INICIADO ===
2025-10-24 11:58:16 - controle_patrimonial - INFO - [logger.py:68] - Arquivo de log principal: D:\Projetos\controle_estoque_db\logs\app.log
2025-10-24 11:58:16 - controle_patrimonial - INFO - [logger.py:69] - Arquivo de erros: D:\Projetos\controle_estoque_db\logs\errors.log
2025-10-24 11:58:16 - controle_patrimonial - INFO - [logger.py:70] - Diretório de trabalho: D:\Projetos\controle_estoque_db
2025-10-24 11:58:17 - controle_patrimonial - INFO - [app.py:111] - Modo produção: Segurança configurada para servidor
2025-10-24 11:58:17 - controle_patrimonial - INFO - [app.py:509] - Tabela usuarios já existe
2025-10-24 11:58:17 - controle_patrimonial - INFO - [app.py:1408] - Iniciando aplicação Flask
2025-10-24 11:58:17 - controle_patrimonial - INFO - [app.py:1423] - 🔧 Iniciando em modo DESENVOLVIMENTO
2025-10-24 11:58:17 - controle_patrimonial - INFO - [app.py:1425] - 🌐 Servidor iniciado em http://0.0.0.0:5000
2025-10-24 11:58:17 - controle_patrimonial - INFO - [app.py:1426] - 📁 Caminho do banco: D:\Projetos\controle_estoque_db\relatorios\controle_patrimonial.db
2025-10-24 11:58:27 - controle_patrimonial - INFO - [logger.py:67] - === SISTEMA INICIADO ===
2025-10-24 11:58:27 - controle_patrimonial - INFO - [logger.py:68] - Arquivo de log principal: D:\Projetos\controle_estoque_db\logs\app.log
2025-10-24 11:58:27 - controle_patrimonial - INFO - [logger.py:69] - Arquivo de erros: D:\Projetos\controle_estoque_db\logs\errors.log
2025-10-24 11:58:27 - controle_patrimonial - INFO - [logger.py:70] - Diretório de trabalho: D:\Projetos\controle_estoque_db
2025-10-24 11:58:28 - controle_patrimonial - INFO - [app.py:111] - Modo produção: Segurança configurada para servidor
2025-10-24 11:58:28 - controle_patrimonial - INFO - [app.py:509] - Tabela usuarios já existe
2025-10-24 11:58:28 - controle_patrimonial - INFO - [app.py:1408] - Iniciando aplicação Flask
2025-10-24 11:58:28 - controle_patrimonial - INFO - [app.py:1423] - 🔧 Iniciando em modo DESENVOLVIMENTO
2025-10-24 11:58:28 - controle_patrimonial - INFO - [app.py:1425] - 🌐 Servidor iniciado em http://0.0.0.0:5000
2025-10-24 11:58:28 - controle_patrimonial - INFO - [app.py:1426] - 📁 Caminho do banco: D:\Projetos\controle_estoque_db\relatorios\controle_patrimonial.db
2025-10-24 11:58:28 - controle_patrimonial - INFO - [logger.py:67] - === SISTEMA INICIADO ===
2025-10-24 11:58:28 - controle_patrimonial - INFO - [logger.py:68] - Arquivo de log principal: D:\Projetos\controle_estoque_db\logs\app.log
2025-10-24 11:58:28 - controle_patrimonial - INFO - [logger.py:69] - Arquivo de erros: D:\Projetos\controle_estoque_db\logs\errors.log
2025-10-24 11:58:28 - controle_patrimonial - INFO - [logger.py:70] - Diretório de trabalho: D:\Projetos\controle_estoque_db
2025-10-24 11:58:29 - controle_patrimonial - INFO - [app.py:111] - Modo produção: Segurança configurada para servidor
2025-10-24 11:58:29 - controle_patrimonial - INFO - [app.py:509] - Tabela usuarios já existe
2025-10-24 11:58:29 - controle_patrimonial - INFO - [app.py:1408] - Iniciando aplicação Flask
2025-10-24 11:58:29 - controle_patrimonial - INFO - [app.py:1423] - 🔧 Iniciando em modo DESENVOLVIMENTO
2025-10-24 11:58:29 - controle_patrimonial - INFO - [app.py:1425] - 🌐 Servidor iniciado em http://0.0.0.0:5000
2025-10-24 11:58:29 - controle_patrimonial - INFO - [app.py:1426] - 📁 Caminho do banco: D:\Projetos\controle_estoque_db\relatorios\controle_patrimonial.db
2025-10-24 11:58:44 - controle_patrimonial - INFO - [db_handler.py:108] - Localização do bem 001: sala ctic
2025-10-24 11:58:44 - controle_patrimonial - INFO - [db_handler.py:56] - Verificação do bem 001: Encontrado
2025-10-24 11:58:44 - controle_patrimonial - INFO - [db_handler.py:91] - ✅ Bem 001 marcado como localizado em 'sala ctic'!
